[debug] [2026-05-13T17:15:08.315Z] ----------------------------------------------------------------------
[debug] [2026-05-13T17:15:08.322Z] Command:       /home/camil/.nvm/versions/node/v20.20.2/bin/node /mnt/c/Users/camil/AppData/Roaming/npm/node_modules/firebase-tools/lib/bin/firebase.js init
[debug] [2026-05-13T17:15:08.323Z] CLI Version:   15.17.0
[debug] [2026-05-13T17:15:08.323Z] Platform:      linux
[debug] [2026-05-13T17:15:08.323Z] Node Version:  v20.20.2
[debug] [2026-05-13T17:15:08.323Z] Time:          Wed May 13 2026 12:15:08 GMT-0500 (Colombia Standard Time)
[debug] [2026-05-13T17:15:08.323Z] ----------------------------------------------------------------------
[debug] 
[debug] [2026-05-13T17:15:08.327Z] >>> [apiv2][query] GET https://firebase-public.firebaseio.com/cli.json [none]
[info] 
     ######## #### ########  ######## ########     ###     ######  ########
     ##        ##  ##     ## ##       ##     ##  ##   ##  ##       ##
     ######    ##  ########  ######   ########  #########  ######  ######
     ##        ##  ##    ##  ##       ##     ## ##     ##       ## ##
     ##       #### ##     ## ######## ########  ##     ##  ######  ########

You're about to initialize a Firebase project in this directory:

  /home/camil/testServidorDocker

[debug] [2026-05-13T17:18:37.694Z] <<< [apiv2][status] GET https://firebase-public.firebaseio.com/cli.json 200
[debug] [2026-05-13T17:18:37.696Z] <<< [apiv2][body] GET https://firebase-public.firebaseio.com/cli.json {"cloudBuildErrorAfter":1594252800000,"cloudBuildWarnAfter":1590019200000,"defaultNode10After":1594252800000,"minVersion":"3.0.5","node8DeploysDisabledAfter":1613390400000,"node8RuntimeDisabledAfter":1615809600000,"node8WarnAfter":1600128000000}
[debug] [2026-05-13T17:29:10.535Z] ExitPromptError: User force closed the prompt with SIGINT
    at Interface.sigint (/mnt/c/Users/camil/AppData/Roaming/npm/node_modules/firebase-tools/node_modules/@inquirer/core/dist/commonjs/lib/create-prompt.js:101:37)
    at Interface.emit (node:events:524:28)
    at [_ttyWrite] [as _ttyWrite] (node:internal/readline/interface:1134:18)
    at ReadStream.onkeypress (node:internal/readline/interface:267:20)
    at ReadStream.emit (node:events:536:35)
    at emitKeys (node:internal/readline/utils:371:14)
    at emitKeys.next (<anonymous>)
    at ReadStream.onData (node:internal/readline/emitKeypressEvents:64:36)
    at ReadStream.emit (node:events:524:28)
    at addChunk (node:internal/streams/readable:561:12)
[error] 
[error] Error: An unexpected error has occurred.
